2025-04-04 06:26:37.950740 - Received CBT.V508.FILE234.PDS from FILE234.XMI 
2025-04-04 06:26:37.952050 - Found $$$#DATE.txt (text/plain) in CBT.V508.FILE234.PDS, moved to PDS/$$$#DATE
2025-04-04 06:26:37.952198 - Found $$NOTE01.eml (message/rfc822) in CBT.V508.FILE234.PDS, moved to PDS/$$NOTE01
2025-04-04 06:26:37.952354 - Found $$NOTE02.eml (message/rfc822) in CBT.V508.FILE234.PDS, moved to PDS/$$NOTE02
2025-04-04 06:26:37.952478 - Found $$NOTE03.txt (text/plain) in CBT.V508.FILE234.PDS, moved to PDS/$$NOTE03
2025-04-04 06:26:37.952601 - Found $README.txt (text/plain) in CBT.V508.FILE234.PDS, moved to PDS/$README
2025-04-04 06:26:37.952716 - Found @FILE234.txt (text/plain) in CBT.V508.FILE234.PDS, moved to PDS/@FILE234
2025-04-04 06:26:37.952845 - Found ASMLKED1.jcl (text/plain) in CBT.V508.FILE234.PDS, moved to PDS/ASMLKED1
2025-04-04 06:26:37.952962 - Found ASMLKED2.jcl (text/plain) in CBT.V508.FILE234.PDS, moved to PDS/ASMLKED2
2025-04-04 06:26:37.953071 - Found ASMLKED3.jcl (text/plain) in CBT.V508.FILE234.PDS, moved to PDS/ASMLKED3
2025-04-04 06:26:37.953181 - Found ASMLKED4.jcl (text/plain) in CBT.V508.FILE234.PDS, moved to PDS/ASMLKED4
2025-04-04 06:26:37.953303 - Found ASMLKED5.jcl (text/plain) in CBT.V508.FILE234.PDS, moved to PDS/ASMLKED5
2025-04-04 06:26:37.953413 - Found ASMLKED7.jcl (text/plain) in CBT.V508.FILE234.PDS, moved to PDS/ASMLKED7
2025-04-04 06:26:37.953538 - Found DISTEST.txt (text/plain) in CBT.V508.FILE234.PDS, moved to PDS/DISTEST
2025-04-04 06:26:37.953665 - Found EXECJCL.jcl (text/plain) in CBT.V508.FILE234.PDS, moved to PDS/EXECJCL
2025-04-04 06:26:37.953775 - Found EXECJCL1.jcl (text/plain) in CBT.V508.FILE234.PDS, moved to PDS/EXECJCL1
2025-04-04 06:26:37.953889 - Found EXECJCL6.jcl (text/plain) in CBT.V508.FILE234.PDS, moved to PDS/EXECJCL6
2025-04-04 06:26:37.954034 - Found EXECJCL7.jcl (text/plain) in CBT.V508.FILE234.PDS, moved to PDS/EXECJCL7
2025-04-04 06:26:37.954142 - Found EXECJCL8.jcl (text/plain) in CBT.V508.FILE234.PDS, moved to PDS/EXECJCL8
2025-04-04 06:26:37.954800 - Found EXECJCL9.jcl (text/plain) in CBT.V508.FILE234.PDS, moved to PDS/EXECJCL9
2025-04-04 06:26:37.955016 - Found READLMOD.txt (text/plain) in CBT.V508.FILE234.PDS, moved to PDS/READLMOD
2025-04-04 06:26:37.955240 - Found REBUILD.txt (text/plain) in CBT.V508.FILE234.PDS, moved to PDS/REBUILD
2025-04-04 06:26:37.955645 - Found RESCHECK.txt (text/plain) in CBT.V508.FILE234.PDS, moved to PDS/RESCHECK
2025-04-04 06:26:37.955803 - Found RESOUOLD.txt (text/plain) in CBT.V508.FILE234.PDS, moved to PDS/RESOUOLD
2025-04-04 06:26:37.955961 - Found RESOURCE.txt (text/plain) in CBT.V508.FILE234.PDS, moved to PDS/RESOURCE
2025-04-04 06:26:37.956080 - Found SYSIN.txt (text/plain) in CBT.V508.FILE234.PDS, moved to PDS/SYSIN
